 ⚡ sin-code     Session 1      +  
   ⚡ sin-code 
────────────────────
  ⚒  Tools          
  ❒  Sessions       
  ⚡  EFM            
  ⚙  Config         
  ⏱  History        
  ☐  Todos            ⚒ Tools (all 19 subcommands) 
──────────────────
                    
     discover        Discover files with relevance scoring 
     execute         Safe shell execution with redaction 
     map             Architecture map + dependency graph 
     grasp           Deep single-file analysis 
     scout           Regex/semantic/symbol code search 
  Tools  map Build tokens 0 (0%) $0.00 
