 ⚡ sin-code     Session 1      +  
                                                                                                                        
                                                                                                                        
                                                                                                                        
                                                                                                                        
                                                                                                                        
                                                                                                                        
                                                                                                                        
                                                                                                                        
                                                                                                                        
                                                                                                                        
                                                                                                                        
                                                                                                                        
                                                                                                                        
                                                                                                                        
                                  Send a message to get started.                                                        
                                                                                                                        
                                  Ctrl+S to send · /clear to reset · /attach for files                                  
                                                                                                                        
                                                                                                                        
                                                                                                                        
                                                                                                                        
                                                                                                                        
                                                                                                                        
                                                                                                                        
                                                                                                                        
                                                                                                                        
                                                                                                                        
                                                                                                                        
                                                                                                                        
                                                                                                                        
                                                                                                                        
                                                                                                                        
────────────────────────────────────────────────────────────────────────────────────────────────────────────────────────
┃ Type a message... (/attach, /clear, Ctrl+S send)                              
┃                                                                                       
┃                                                                                       
 ⟳ running · Build · 15234 tokens · $0.045 
