 ⚡ sin-code     Debug Session       ● Feature Work       Code Review      +  
   ⚡ sin-code 
────────────────────
  ⚒  Tools          
  ❒  Sessions       
  ⚡  EFM            
  ⚙  Config         
  ⏱  History        
  ☐  Todos          
  💬  Chat          
                      
  ❒ Sessions                                                              
────────────────────────────────────────────────────────────────
                                                                                                  
      Debug Session   ◀ active                                
   ●  Feature Work                                            
      Code Review                                               
                                                                                                  
  3 session(s)                                                              
  Press + to add a new session, - to close.                                 
                                                                                                  
                                                                                                  
                                                                                                  
                                                                                                  
                                                                                                  
                                                                                                  
                                                                                                  
                                                                                                  
                                                                                                  
                                                                                                  
                                                                                                  
                                                                                                  
                                                                                                  
                                                                                                  
                                                                                                  
                                                                                                  
                                                                                                  
                                                                                                  
                                                                                                  
                                                                                                  
                                                                                                  
                                                                                                  
                                                                                                  
                                                                                                  
                                                                                                  
                                                                                                  
                                                                                                  
  Sessions  discover Build tokens 0 (0%) $0.00 
