 ⚡ sin-code     Session 1      +  
   ⚡ sin-code 
────────────────────
  ⚒  Tools          
  ❒  Sessions       
  ⚡  EFM            
  ⚙  Config         
  ⏱  History        
  ☐  Todos  🔵2 🟡1 
  💬  Chat          
                      
  Todos                                                                     
────────────────────────────────────────────────────────────────
                                                                                                  
   🔵 2 open  🟢 3 ready  🟡 1 blocked  🔴 0 overdue 
                                                                                                  
  ID       PRI STATUS     TYPE    TITLE                                    
  ──────────────────────────────────────────────────────────────
   1        P0  open       bug     Fix authentication bug 
  2        P1  open       task    Add unit tests                           
  3        P2  done       task    Update documentation                      
                                                                                                  
                                                                                                  
                                                                                                  
                                                                                                  
                                                                                                  
                                                                                                  
                                                                                                  
                                                                                                  
                                                                                                  
                                                                                                  
                                                                                                  
                                                                                                  
                                                                                                  
                                                                                                  
                                                                                                  
                                                                                                  
                                                                                                  
                                                                                                  
                                                                                                  
                                                                                                  
                                                                                                  
                                                                                                  
                                                                                                  
                                                                                                  
                                                                                                  
                                                                                                  
  Todos  discover Build tokens 0 (0%) $0.00 
