                                                                                                                        
                                                                                                                        
                                                                                                                        
                                                                                                                        
                                                                                                                        
                                                                                                                        
                                                                                                                        
                                                                                                                        
                                                                                                                        
                                                                                                                        
                                                                                                                        
                                                                                                                        
                                                                                                                        
                                                                                                                        
                                                                                                                        
                                      ╭─────────────────────────────────────────╮                                       
                                      │                                         │                                       
                                      │   Subagents                             │                                       
                                      │    (placeholder) — feature coming soon  │                                       
                                      │                                         │                                       
                                      │    Use ctrl+x again to close.           │                                       
                                      │                                         │                                       
                                      │                                         │                                       
                                      ╰─────────────────────────────────────────╯                                       
                                                                                                                        
                                                                                                                        
                                                                                                                        
                                                                                                                        
                                                                                                                        
                                                                                                                        
                                                                                                                        
                                                                                                                        
                                                                                                                        
                                                                                                                        
                                                                                                                        
                                                                                                                        
                                                                                                                        
                                                                                                                        
                                                                                                                        
                                                                                                                        