 ⚡ sin-code     Session 1      +  
   ⚡ sin-code 
────────────────────
  ⚒  Tools          
  ❒  Sessions       
  ⚡  EFM            
  ⚙  Config         
  ⏱  History        
  ☐  Todos          
  💬  Chat          
                      
  ⏱ History — last actions                                              
────────────────────────────────────────────────────────────────
                                                                                                  
  00:00:00  ✓  Tools      run             discover --help                  
  00:00:00  ✓  Chat       submit          Fix auth bug                     
   00:00:00  ✗  Chat       verify          fail — missing test 
                                                                                                  
  3 entries · press c to clear                       
                                                                                                  
                                                                                                  
                                                                                                  
                                                                                                  
                                                                                                  
                                                                                                  
                                                                                                  
                                                                                                  
                                                                                                  
                                                                                                  
                                                                                                  
                                                                                                  
                                                                                                  
                                                                                                  
                                                                                                  
                                                                                                  
                                                                                                  
                                                                                                  
                                                                                                  
                                                                                                  
                                                                                                  
                                                                                                  
                                                                                                  
                                                                                                  
                                                                                                  
                                                                                                  
                                                                                                  
                                                                                                  
  History  discover Build tokens 0 (0%) $0.00 
