                                                                                                                          
                                                                                                                          
                                                                                                                          
                                                                                                                          
                                                                                                                          
                                                                                                                          
                                                                                                                          
                                                                                                                          
                                                                                                                          
                                                                                                                          
                                                                                                                          
                                                                                                                          
╭────────────────────────────────────────────────────────────────────────────────────────────────────────────────────────╮
│                                                                                                                        │
│   Command Palette                                                                                                      │
│    > view                                                                                                              │
│    ──────────────────────────────────────────────────────────────────────────────────────────────────────────────────  │
│     view: tools                                                                                                        │
│     view: sessions                                                                                                     │
│     view: efm                                                                                                          │
│     view: config                                                                                                       │
│     view: history                                                                                                      │
│     view: todos                                                                                                        │
│                                                                                                                        │
│    ↑/↓ select · Enter run · Esc close                                                                                  │
│                                                                                                                        │
│                                                                                                                        │
╰────────────────────────────────────────────────────────────────────────────────────────────────────────────────────────╯
                                                                                                                          
                                                                                                                          
                                                                                                                          
                                                                                                                          
                                                                                                                          
                                                                                                                          
                                                                                                                          
                                                                                                                          
                                                                                                                          
                                                                                                                          
                                                                                                                          
                                                                                                                          