 ⚡ sin-code     Session 1      +  
   ⚡ sin-code 
────────────────────
  ⚒  Tools          
  ❒  Sessions       
  ⚡  EFM            
  ⚙  Config         
  ⏱  History        
  ☐  Todos          
  💬  Chat          
                      
  ⚡ EFM — Ephemeral Full-Stack Mocking  ⚡ ◐⠋
────────────────────────────────────────────────────────────────
                                                                                                  
  Name                    Status        URL                               TTL
  ────────────────────────────────────────────────────────────
  test-stack              running       http://localhost:1234             60s
  dev-env                 down          http://localhost:5678             — 
                                                                                                  
  2 stack(s)  ·  refreshed 00:00:00                                        
                                                                                                  
                                                                                                  
                                                                                                  
                                                                                                  
                                                                                                  
                                                                                                  
                                                                                                  
                                                                                                  
                                                                                                  
                                                                                                  
                                                                                                  
                                                                                                  
                                                                                                  
                                                                                                  
                                                                                                  
                                                                                                  
                                                                                                  
                                                                                                  
                                                                                                  
                                                                                                  
                                                                                                  
                                                                                                  
                                                                                                  
                                                                                                  
                                                                                                  
                                                                                                  
                                                                                                  
  EFM  discover Build tokens 0 (0%) $0.00 
